******************************************************************************
                  TI ARM Linker PC v20.2.5                     
******************************************************************************
>> Linked Fri May  7 10:50:24 2021

OUTPUT FILE NAME:   <HolaMundo.out>
ENTRY POINT SYMBOL: "_c_int00_noargs"  address: 00000771


MEMORY CONFIGURATION

         name            origin    length      used     unused   attr    fill
----------------------  --------  ---------  --------  --------  ----  --------
  FLASH                 00000000   00040000  00000880  0003f780  R  X
  SRAM                  20000000   00008000  00000204  00007dfc  RW X


SEGMENT ALLOCATION MAP

run origin  load origin   length   init length attrs members
----------  ----------- ---------- ----------- ----- -------
00000000    00000000    00000880   00000880    r-x
  00000000    00000000    0000026c   0000026c    r-- .intvecs
  0000026c    0000026c    000005fc   000005fc    r-x .text
  00000868    00000868    00000018   00000018    r-- .cinit
20000000    20000000    00000204   00000000    rw-
  20000000    20000000    00000200   00000000    rw- .stack
  20000200    20000200    00000004   00000000    rw- .data


SECTION ALLOCATION MAP

 output                                  attributes/
section   page    origin      length       input sections
--------  ----  ----------  ----------   ----------------
.intvecs   0    00000000    0000026c     
                  00000000    0000026c     tm4c123gh6pm_startup_ccs.obj (.intvecs)

.text      0    0000026c    000005fc     
                  0000026c    00000160     main.obj (.text)
                  000003cc    00000132     driverlib.lib : gpio.obj (.text:GPIOPadConfigSet)
                  000004fe    00000002     --HOLE-- [fill = 0]
                  00000500    000000f4                   : sysctl.obj (.text:SysCtlClockSet)
                  000005f4    0000009c     rtsv7M4_T_le_v4SPD16_eabi.lib : memcpy_t2.asm.obj (.text)
                  00000690    00000068                                   : copy_decompress_lzss.c.obj (.text:decompress:lzss:__TI_decompress_lzss)
                  000006f8    00000044                                   : autoinit.c.obj (.text:__TI_auto_init_nobinit_nopinit:__TI_auto_init_nobinit_nopinit)
                  0000073c    00000034     driverlib.lib : sysctl.obj (.text:SysCtlPeripheralEnable)
                  00000770    00000034     rtsv7M4_T_le_v4SPD16_eabi.lib : boot_cortex_m.c.obj (.text:_c_int00_noargs:_c_int00_noargs)
                  000007a4    0000002a     driverlib.lib : gpio.obj (.text:GPIODirModeSet)
                  000007ce    00000018                   : gpio.obj (.text:GPIOPinTypeGPIOOutput)
                  000007e6    00000002     --HOLE-- [fill = 0]
                  000007e8    00000014                   : systick.obj (.text:SysTickDisable)
                  000007fc    00000014                   : systick.obj (.text:SysTickEnable)
                  00000810    00000012                   : gpio.obj (.text:GPIOPinTypeGPIOInput)
                  00000822    00000002     --HOLE-- [fill = 0]
                  00000824    00000010                   : systick.obj (.text:SysTickPeriodSet)
                  00000834    0000000e     rtsv7M4_T_le_v4SPD16_eabi.lib : copy_decompress_none.c.obj (.text:decompress:none:__TI_decompress_none)
                  00000842    0000000c     tm4c123gh6pm_startup_ccs.obj (.text)
                  0000084e    00000006     driverlib.lib : gpio.obj (.text:GPIOPinRead)
                  00000854    00000006                   : gpio.obj (.text:GPIOPinWrite)
                  0000085a    00000006                   : sysctl.obj (.text:SysCtlDelay)
                  00000860    00000004     rtsv7M4_T_le_v4SPD16_eabi.lib : pre_init.c.obj (.text:_system_pre_init)
                  00000864    00000004                                   : exit.c.obj (.text:abort:abort)

.cinit     0    00000868    00000018     
                  00000868    00000008     (__TI_handler_table)
                  00000870    00000007     (.cinit..data.load) [load image, compression = lzss]
                  00000877    00000001     --HOLE-- [fill = 0]
                  00000878    00000008     (__TI_cinit_table)

.init_array 
*          0    00000000    00000000     UNINITIALIZED

.data      0    20000200    00000004     UNINITIALIZED
                  20000200    00000004     main.obj (.data)

.stack     0    20000000    00000200     UNINITIALIZED
                  20000000    00000004     rtsv7M4_T_le_v4SPD16_eabi.lib : boot_cortex_m.c.obj (.stack)
                  20000004    000001fc     --HOLE--

__llvm_prf_cnts 
*          0    20000000    00000000     UNINITIALIZED

MODULE SUMMARY

       Module                         code   ro data   rw data
       ------                         ----   -------   -------
    .\
       tm4c123gh6pm_startup_ccs.obj   12     620       0      
       main.obj                       352    0         4      
    +--+------------------------------+------+---------+---------+
       Total:                         364    620       4      
                                                              
    C:/ti/TivaWare_C_Series-2.1.4.178/driverlib/ccs/Debug/driverlib.lib
       gpio.obj                       402    0         0      
       sysctl.obj                     302    0         0      
       systick.obj                    56     0         0      
    +--+------------------------------+------+---------+---------+
       Total:                         760    0         0      
                                                              
    C:\ti\ccs1031\ccs\tools\compiler\ti-cgt-arm_20.2.5.LTS\lib\rtsv7M4_T_le_v4SPD16_eabi.lib
       memcpy_t2.asm.obj              156    0         0      
       copy_decompress_lzss.c.obj     104    0         0      
       autoinit.c.obj                 68     0         0      
       boot_cortex_m.c.obj            52     0         0      
       copy_decompress_none.c.obj     14     0         0      
       exit.c.obj                     4      0         0      
       pre_init.c.obj                 4      0         0      
    +--+------------------------------+------+---------+---------+
       Total:                         402    0         0      
                                                              
       Stack:                         0      0         512    
       Linker Generated:              0      23        0      
    +--+------------------------------+------+---------+---------+
       Grand Total:                   1526   643       516    


LINKER GENERATED COPY TABLES

__TI_cinit_table @ 00000878 records: 1, size/record: 8, table size: 8
	.data: load addr=00000870, load size=00000007 bytes, run addr=20000200, run size=00000004 bytes, compression=lzss


LINKER GENERATED HANDLER TABLE

__TI_handler_table @ 00000868 records: 2, size/record: 4, table size: 8
	index: 0, handler: __TI_decompress_lzss
	index: 1, handler: __TI_decompress_none


GLOBAL SYMBOLS: SORTED ALPHABETICALLY BY Name 

address   name                          
-------   ----                          
00000865  C$$EXIT                       
000007a5  GPIODirModeSet                
000003cd  GPIOPadConfigSet              
0000084f  GPIOPinRead                   
00000811  GPIOPinTypeGPIOInput          
000007cf  GPIOPinTypeGPIOOutput         
00000855  GPIOPinWrite                  
00000843  ResetISR                      
00000501  SysCtlClockSet                
0000085b  SysCtlDelay                   
0000073d  SysCtlPeripheralEnable        
000007e9  SysTickDisable                
000007fd  SysTickEnable                 
00000825  SysTickPeriodSet              
20000200  __STACK_END                   
00000200  __STACK_SIZE                  
20000200  __STACK_TOP                   
00000878  __TI_CINIT_Base               
00000880  __TI_CINIT_Limit              
00000868  __TI_Handler_Table_Base       
00000870  __TI_Handler_Table_Limit      
000006f9  __TI_auto_init_nobinit_nopinit
00000691  __TI_decompress_lzss          
00000835  __TI_decompress_none          
ffffffff  __TI_pprof_out_hndl           
ffffffff  __TI_prof_data_size           
ffffffff  __TI_prof_data_start          
00000000  __TI_static_base__            
000005f5  __aeabi_memcpy                
000005f5  __aeabi_memcpy4               
000005f5  __aeabi_memcpy8               
ffffffff  __binit__                     
ffffffff  __c_args__                    
UNDEFED   __mpu_init                    
20000000  __stack                       
20000000  __start___llvm_prf_cnts       
20000000  __stop___llvm_prf_cnts        
00000771  _c_int00_noargs               
UNDEFED   _system_post_cinit            
00000861  _system_pre_init              
00000865  abort                         
ffffffff  binit                         
000002af  delay                         
000002db  delay1ms                      
00000000  g_pfnVectors                  
20000200  i                             
0000026d  main                          
000005f5  memcpy                        
000002f7  semaforo                      
00000347  verde                         


GLOBAL SYMBOLS: SORTED BY Symbol Address 

address   name                          
-------   ----                          
00000000  __TI_static_base__            
00000000  g_pfnVectors                  
00000200  __STACK_SIZE                  
0000026d  main                          
000002af  delay                         
000002db  delay1ms                      
000002f7  semaforo                      
00000347  verde                         
000003cd  GPIOPadConfigSet              
00000501  SysCtlClockSet                
000005f5  __aeabi_memcpy                
000005f5  __aeabi_memcpy4               
000005f5  __aeabi_memcpy8               
000005f5  memcpy                        
00000691  __TI_decompress_lzss          
000006f9  __TI_auto_init_nobinit_nopinit
0000073d  SysCtlPeripheralEnable        
00000771  _c_int00_noargs               
000007a5  GPIODirModeSet                
000007cf  GPIOPinTypeGPIOOutput         
000007e9  SysTickDisable                
000007fd  SysTickEnable                 
00000811  GPIOPinTypeGPIOInput          
00000825  SysTickPeriodSet              
00000835  __TI_decompress_none          
00000843  ResetISR                      
0000084f  GPIOPinRead                   
00000855  GPIOPinWrite                  
0000085b  SysCtlDelay                   
00000861  _system_pre_init              
00000865  C$$EXIT                       
00000865  abort                         
00000868  __TI_Handler_Table_Base       
00000870  __TI_Handler_Table_Limit      
00000878  __TI_CINIT_Base               
00000880  __TI_CINIT_Limit              
20000000  __stack                       
20000000  __start___llvm_prf_cnts       
20000000  __stop___llvm_prf_cnts        
20000200  __STACK_END                   
20000200  __STACK_TOP                   
20000200  i                             
ffffffff  __TI_pprof_out_hndl           
ffffffff  __TI_prof_data_size           
ffffffff  __TI_prof_data_start          
ffffffff  __binit__                     
ffffffff  __c_args__                    
ffffffff  binit                         
UNDEFED   __mpu_init                    
UNDEFED   _system_post_cinit            

[50 symbols]
